mode: set
github.com/yanosea/spotlike/exit/exit.go:27.42,29.2 1 1
github.com/yanosea/spotlike/exit/exit.go:32.13,34.2 1 1
github.com/yanosea/spotlike/exit/exit.go:37.35,39.2 1 1
github.com/yanosea/spotlike/api/auth.go:61.43,63.38 1 0
github.com/yanosea/spotlike/api/auth.go:63.38,65.3 1 0
github.com/yanosea/spotlike/api/auth.go:68.2,69.16 2 0
github.com/yanosea/spotlike/api/auth.go:69.16,71.3 1 0
github.com/yanosea/spotlike/api/auth.go:73.2,73.20 1 0
github.com/yanosea/spotlike/api/auth.go:77.26,79.43 1 0
github.com/yanosea/spotlike/api/auth.go:79.43,85.17 3 0
github.com/yanosea/spotlike/api/auth.go:85.17,87.4 1 0
github.com/yanosea/spotlike/api/auth.go:89.3,89.31 1 0
github.com/yanosea/spotlike/api/auth.go:93.2,93.55 1 0
github.com/yanosea/spotlike/api/auth.go:93.55,100.17 3 0
github.com/yanosea/spotlike/api/auth.go:100.17,102.4 1 0
github.com/yanosea/spotlike/api/auth.go:104.3,104.35 1 0
github.com/yanosea/spotlike/api/auth.go:108.2,108.55 1 0
github.com/yanosea/spotlike/api/auth.go:108.55,114.17 3 0
github.com/yanosea/spotlike/api/auth.go:114.17,116.4 1 0
github.com/yanosea/spotlike/api/auth.go:118.3,118.41 1 0
github.com/yanosea/spotlike/api/auth.go:122.2,137.64 2 0
github.com/yanosea/spotlike/api/auth.go:137.64,143.17 3 0
github.com/yanosea/spotlike/api/auth.go:143.17,145.4 1 0
github.com/yanosea/spotlike/api/auth.go:147.3,147.42 1 0
github.com/yanosea/spotlike/api/auth.go:150.2,150.12 1 0
github.com/yanosea/spotlike/api/auth.go:154.46,159.24 3 0
github.com/yanosea/spotlike/api/auth.go:159.24,162.17 2 0
github.com/yanosea/spotlike/api/auth.go:162.17,164.4 1 0
github.com/yanosea/spotlike/api/auth.go:167.3,168.69 2 0
github.com/yanosea/spotlike/api/auth.go:168.70,168.71 0 0
github.com/yanosea/spotlike/api/auth.go:169.3,169.19 1 0
github.com/yanosea/spotlike/api/auth.go:169.19,171.18 2 0
github.com/yanosea/spotlike/api/auth.go:171.18,173.5 1 0
github.com/yanosea/spotlike/api/auth.go:174.4,174.14 1 0
github.com/yanosea/spotlike/api/auth.go:178.3,183.21 4 0
github.com/yanosea/spotlike/api/auth.go:184.8,193.3 2 0
github.com/yanosea/spotlike/api/auth.go:195.2,195.20 1 0
github.com/yanosea/spotlike/api/auth.go:199.67,201.16 2 0
github.com/yanosea/spotlike/api/auth.go:201.16,203.3 1 0
github.com/yanosea/spotlike/api/auth.go:204.2,204.45 1 0
github.com/yanosea/spotlike/api/auth.go:204.45,206.3 1 0
github.com/yanosea/spotlike/api/auth.go:209.2,219.19 8 0
github.com/yanosea/spotlike/api/like.go:41.82,45.65 3 0
github.com/yanosea/spotlike/api/like.go:45.65,52.3 2 0
github.com/yanosea/spotlike/api/like.go:55.2,56.16 2 0
github.com/yanosea/spotlike/api/like.go:56.16,63.3 2 0
github.com/yanosea/spotlike/api/like.go:66.2,66.31 1 0
github.com/yanosea/spotlike/api/like.go:66.31,75.3 2 0
github.com/yanosea/spotlike/api/like.go:78.2,78.95 1 0
github.com/yanosea/spotlike/api/like.go:78.95,85.3 2 0
github.com/yanosea/spotlike/api/like.go:88.2,94.20 2 0
github.com/yanosea/spotlike/api/like.go:98.101,102.65 3 0
github.com/yanosea/spotlike/api/like.go:102.65,109.3 2 0
github.com/yanosea/spotlike/api/like.go:112.2,113.16 2 0
github.com/yanosea/spotlike/api/like.go:113.16,119.3 2 0
github.com/yanosea/spotlike/api/like.go:122.2,122.51 1 0
github.com/yanosea/spotlike/api/like.go:122.51,124.3 1 0
github.com/yanosea/spotlike/api/like.go:127.2,127.41 1 0
github.com/yanosea/spotlike/api/like.go:127.41,130.17 2 0
github.com/yanosea/spotlike/api/like.go:130.17,136.12 2 0
github.com/yanosea/spotlike/api/like.go:140.3,140.32 1 0
github.com/yanosea/spotlike/api/like.go:140.32,149.12 2 0
github.com/yanosea/spotlike/api/like.go:152.3,152.83 1 0
github.com/yanosea/spotlike/api/like.go:152.83,158.12 2 0
github.com/yanosea/spotlike/api/like.go:162.3,167.5 1 0
github.com/yanosea/spotlike/api/like.go:170.2,170.20 1 0
github.com/yanosea/spotlike/api/like.go:174.101,178.65 3 0
github.com/yanosea/spotlike/api/like.go:178.65,185.3 2 0
github.com/yanosea/spotlike/api/like.go:188.2,189.16 2 0
github.com/yanosea/spotlike/api/like.go:189.16,195.3 2 0
github.com/yanosea/spotlike/api/like.go:198.2,198.51 1 0
github.com/yanosea/spotlike/api/like.go:198.51,200.3 1 0
github.com/yanosea/spotlike/api/like.go:203.2,204.41 2 0
github.com/yanosea/spotlike/api/like.go:204.41,206.17 2 0
github.com/yanosea/spotlike/api/like.go:206.17,211.4 1 0
github.com/yanosea/spotlike/api/like.go:213.3,213.39 1 0
github.com/yanosea/spotlike/api/like.go:213.39,220.4 2 0
github.com/yanosea/spotlike/api/like.go:224.2,224.34 1 0
github.com/yanosea/spotlike/api/like.go:224.34,227.17 2 0
github.com/yanosea/spotlike/api/like.go:227.17,233.12 2 0
github.com/yanosea/spotlike/api/like.go:237.3,237.32 1 0
github.com/yanosea/spotlike/api/like.go:237.32,247.12 2 0
github.com/yanosea/spotlike/api/like.go:250.3,250.89 1 0
github.com/yanosea/spotlike/api/like.go:250.89,256.12 2 0
github.com/yanosea/spotlike/api/like.go:260.3,266.5 1 0
github.com/yanosea/spotlike/api/like.go:269.2,269.20 1 0
github.com/yanosea/spotlike/api/like.go:273.81,277.65 3 0
github.com/yanosea/spotlike/api/like.go:277.65,284.3 2 0
github.com/yanosea/spotlike/api/like.go:287.2,288.16 2 0
github.com/yanosea/spotlike/api/like.go:288.16,294.3 2 0
github.com/yanosea/spotlike/api/like.go:297.2,297.31 1 0
github.com/yanosea/spotlike/api/like.go:297.31,307.3 2 0
github.com/yanosea/spotlike/api/like.go:310.2,310.101 1 0
github.com/yanosea/spotlike/api/like.go:310.101,315.3 1 0
github.com/yanosea/spotlike/api/like.go:318.2,325.20 2 0
github.com/yanosea/spotlike/api/like.go:329.92,333.65 3 0
github.com/yanosea/spotlike/api/like.go:333.65,340.3 2 0
github.com/yanosea/spotlike/api/like.go:343.2,344.16 2 0
github.com/yanosea/spotlike/api/like.go:344.16,348.3 1 0
github.com/yanosea/spotlike/api/like.go:351.2,351.41 1 0
github.com/yanosea/spotlike/api/like.go:351.41,354.17 2 0
github.com/yanosea/spotlike/api/like.go:354.17,360.12 2 0
github.com/yanosea/spotlike/api/like.go:364.3,364.32 1 0
github.com/yanosea/spotlike/api/like.go:364.32,374.12 2 0
github.com/yanosea/spotlike/api/like.go:377.3,377.83 1 0
github.com/yanosea/spotlike/api/like.go:377.83,383.12 2 0
github.com/yanosea/spotlike/api/like.go:387.3,393.5 1 0
github.com/yanosea/spotlike/api/like.go:396.2,396.20 1 0
github.com/yanosea/spotlike/api/like.go:400.81,404.65 3 0
github.com/yanosea/spotlike/api/like.go:404.65,411.3 2 0
github.com/yanosea/spotlike/api/like.go:414.2,415.16 2 0
github.com/yanosea/spotlike/api/like.go:415.16,422.3 2 0
github.com/yanosea/spotlike/api/like.go:425.2,425.31 1 0
github.com/yanosea/spotlike/api/like.go:425.31,436.3 2 0
github.com/yanosea/spotlike/api/like.go:439.2,439.101 1 0
github.com/yanosea/spotlike/api/like.go:439.101,446.3 2 0
github.com/yanosea/spotlike/api/like.go:449.2,457.20 2 0
github.com/yanosea/spotlike/api/search.go:35.112,38.16 2 0
github.com/yanosea/spotlike/api/search.go:38.16,41.3 1 0
github.com/yanosea/spotlike/api/search.go:43.2,43.27 1 0
github.com/yanosea/spotlike/api/search.go:43.27,50.3 1 0
github.com/yanosea/spotlike/api/search.go:50.8,50.33 1 0
github.com/yanosea/spotlike/api/search.go:50.33,58.3 1 0
github.com/yanosea/spotlike/api/search.go:58.8,58.33 1 0
github.com/yanosea/spotlike/api/search.go:58.33,67.3 1 0
github.com/yanosea/spotlike/api/search.go:67.8,70.3 1 0
github.com/yanosea/spotlike/api/search.go:74.75,76.87 1 0
github.com/yanosea/spotlike/api/search.go:76.87,83.3 1 0
github.com/yanosea/spotlike/api/search.go:83.8,83.93 1 0
github.com/yanosea/spotlike/api/search.go:83.93,91.3 1 0
github.com/yanosea/spotlike/api/search.go:91.8,91.93 1 0
github.com/yanosea/spotlike/api/search.go:91.93,100.3 1 0
github.com/yanosea/spotlike/api/search.go:100.8,103.3 1 0
github.com/yanosea/spotlike/api/util.go:22.49,24.16 2 1
github.com/yanosea/spotlike/api/util.go:24.16,26.3 1 1
github.com/yanosea/spotlike/api/util.go:28.2,28.20 1 1
github.com/yanosea/spotlike/api/util.go:28.20,30.3 1 1
github.com/yanosea/spotlike/api/util.go:32.2,32.22 1 1
github.com/yanosea/spotlike/api/util.go:36.55,37.16 1 1
github.com/yanosea/spotlike/api/util.go:37.16,39.3 1 1
github.com/yanosea/spotlike/api/util.go:41.2,42.44 2 1
github.com/yanosea/spotlike/api/util.go:42.44,44.3 1 1
github.com/yanosea/spotlike/api/util.go:46.2,46.66 1 1
github.com/yanosea/spotlike/api/util.go:50.64,52.37 2 1
github.com/yanosea/spotlike/api/util.go:52.37,54.30 2 1
github.com/yanosea/spotlike/api/util.go:54.30,56.4 1 1
github.com/yanosea/spotlike/api/util.go:58.2,58.20 1 1
github.com/yanosea/spotlike/util/util.go:7.42,9.2 1 1
github.com/yanosea/spotlike/util/util.go:11.48,13.2 1 1
github.com/yanosea/spotlike/util/util.go:14.48,16.2 1 1
github.com/yanosea/spotlike/util/util.go:18.44,20.2 1 1
